---
source: crates/oatsc/tests/codegen/codegen_snapshot.rs
assertion_line: 9
expression: ir
---
; ModuleID = 'test_module'
source_filename = "test_module"

declare ptr @malloc(i64)

declare i64 @strlen(ptr)

declare ptr @memcpy(ptr, ptr, i64)

declare void @free(ptr)

declare void @print_f64(double)

declare void @print_f64_no_nl(double)

declare void @print_str(ptr)

declare void @print_str_no_nl(ptr)

declare void @print_newline()

declare ptr @array_to_string(ptr)

declare void @rc_dec_str(ptr)

declare void @sleep_ms(double)

declare ptr @oats_std_temporal_now()

declare ptr @oats_std_temporal_now_instant()

declare ptr @oats_std_temporal_instant_from_epoch_nanoseconds(i64)

declare i64 @oats_std_temporal_instant_epoch_nanoseconds(ptr)

declare ptr @oats_std_temporal_instant_add(ptr, i64)

declare ptr @str_concat(ptr, ptr)

define double @oats_main() {
entry:
  %num = alloca i64, align 8
  ret double 0.000000e+00
}

declare void @rc_dec(ptr)

declare void @rc_weak_dec(ptr)
